Alan Fiction
1500.00
---
BBB:1000.00
CC:500.00
===
Bob Doe
1500.00
---
CC:1500.00
===
Chad Testings
0.00
---
===
